[2020-07-28 14:05:01.536365] [trivial] [trace] Final sql : SELECT * FROM common.`backtest_index_future`
[2020-07-28 14:05:01.851403] [Main] [normal] command=BackTest --CrossMode=3 --StratsName=FutIntraDay --WatchList=IF2007 --Parameter=[Account]1:0:0;[IF2007_param_set]1;[IF2007_initial_shares]50;[IF2007_coefficient]0.0005;[IF2007_max_quota]50;[IF2007_max_net_position]5;[IF2007_threshold_long_close]0;[IF2007_threshold_short_close]0;[IF2007_qty_per_trade]1 --StartTime=09:30:00 --EndTime=15:00:00 --StartDate=2020-07-02 --EndDate=2020-07-02 --Commission=2.3e-05 --AssemblyName=libfut_intra_day_strategy
[2020-07-28 14:05:01.851661] [trivial] [info] TradingFramework start command loop now.
[2020-07-28 14:05:03.537574] [FutIntraDayStrategy] [detail] OnChangedParameter: Account=1.000000
[2020-07-28 14:05:03.537837] [FutIntraDayStrategy] [detail] OnChangedParameter: Commission=2.3e-05
[2020-07-28 14:05:03.537850] [FutIntraDayStrategy] [detail] OnChangedParameter: EndDate=20200702
[2020-07-28 14:05:03.537866] [FutIntraDayStrategy] [detail] OnChangedParameter: IF2007_coefficient=0.0005
[2020-07-28 14:05:03.540356] [FutIntraDayStrategy] [detail] OnChangedParameter: IF2007_initial_shares=50
[2020-07-28 14:05:03.540369] [FutIntraDayStrategy] [detail] OnChangedParameter: IF2007_max_net_position=5
[2020-07-28 14:05:03.540392] [FutIntraDayStrategy] [detail] OnChangedParameter: IF2007_max_quota=50
[2020-07-28 14:05:03.540502] [FutIntraDayStrategy] [detail] OnChangedParameter: IF2007_param_set=1
[2020-07-28 14:05:03.540512] [FutIntraDayStrategy] [detail] OnChangedParameter: IF2007_qty_per_trade=1
[2020-07-28 14:05:03.540575] [FutIntraDayStrategy] [detail] OnChangedParameter: IF2007_threshold_long_close=0
[2020-07-28 14:05:03.540581] [FutIntraDayStrategy] [detail] OnChangedParameter: IF2007_threshold_short_close=0
[2020-07-28 14:05:03.540591] [FutIntraDayStrategy] [detail] OnChangedParameter: StartDate=20200702
[2020-07-28 14:05:03.540665] [FutIntraDayStrategy] [detail] OnChangedParameter: WatchList=IF2007
[2020-07-28 14:05:03.541006] [FIDSImpl_null_IF2007] [detail] account=null, target=IF2007, tick_size=0.2, lot_size=1, create FutIntraDayStrategyImpl
[2020-07-28 14:05:03.541600] [FutIntraDayStrategy] [warning] SetStratTaskTimer: time = 2020-Jul-02 09:30:00.864459
[2020-07-28 14:05:03.541930] [FutIntraDayStrategy] [warning] SetStratTaskTimer: ticker=IF2007, time = 2020-Jul-02 09:30:00.864459
[2020-07-28 14:05:03.543108] [FutIntraDayStrategy] [warning] OnTimer: name = MorningOpen,time_now = 2020-Jul-02 09:40:00
[2020-07-28 14:05:03.543171] [FIDSImpl_null_IF2007] [detail] OnStratStart: param_set=1, coefficient=0.0005, max_net_position=5, threshold_long_close=0, threshold_short_close=0, min_active_seconds=6, qty_per_trade=1, max_quota=50
[2020-07-28 14:05:03.573910] [FutIntraDayStrategy] [warning] OnTimer: name = NoonBreak,time_now = 2020-Jul-02 11:30:00
[2020-07-28 14:05:03.574299] [FIDSImpl_null_IF2007] [detail] OnPause
[2020-07-28 14:05:03.576119] [FutIntraDayStrategy] [warning] OnTimer: name = AfternoonOpen,time_now = 2020-Jul-02 13:00:00
[2020-07-28 14:05:03.576305] [FIDSImpl_null_IF2007] [detail] OnContinue
[2020-07-28 14:05:03.577993] [FIDSImpl_null_IF2007] [detail] 2020-Jul-02 13:10:05.221592 Mkt: RecvTime=2020-Jul-02 13:10:05.221592, Time=2020-Jul-02 13:10:04.400000 Ask1=4275.2, Bid1=4274.8, Last=4275.2
[2020-07-28 14:05:03.578299] [FIDSImpl_null_IF2007] [detail] 2020-Jul-02 13:10:05.221592 Info: tbuy=0, tsell=0, obuy=0, osell=0, buyable=50, sellable=50, bvwap=0, svwap=0, sig=0.00263284, sig_adj=0.00263284, sig_Last=4275, sig_period=0
[2020-07-28 14:05:03.578617] [FIDSImpl_null_IF2007] [detail] 2020-Jul-02 13:10:05.221592 Buy Open @ price=4275.2, qty=1, OrdId=1, price_level=OppsiteSide
[2020-07-28 14:05:03.578842] [FIDSImpl_null_IF2007] [detail] 2020-Jul-02 13:10:06.218900 Event: OrdId=1, side=Buy, price=4275.2, qty=1, ex_qty=1, last_ex_price=4275.2, status=Filled, create=13:10:05.221592
[2020-07-28 14:05:03.579109] [FIDSImpl_null_IF2007] [detail] 2020-Jul-02 13:10:06.218900 Posi: tbuy=1, tsell=0, obuy=0, osell=0, buyable=48, sellable=50, bvwap=4275.2, svwap=0
[2020-07-28 14:05:03.579143] [FIDSImpl_null_IF2007] [detail] 2020-Jul-02 13:10:06.218900 Statistics: total_placed_num=1, total_filled_num=1, total_canceled_num=0, total_rejected_num=0
[2020-07-28 14:05:03.579201] [FIDSImpl_null_IF2007] [detail] 2020-Jul-02 13:10:07.219282 Mkt: RecvTime=2020-Jul-02 13:10:07.219282, Time=2020-Jul-02 13:10:06.400000 Ask1=4274.6, Bid1=4274.2, Last=4274.8
[2020-07-28 14:05:03.579251] [FIDSImpl_null_IF2007] [detail] 2020-Jul-02 13:10:07.219282 Info: tbuy=1, tsell=0, obuy=0, osell=0, buyable=49, sellable=50, bvwap=4275.2, svwap=0, sig=0.00268445, sig_adj=0.00268445, sig_Last=4274.8, sig_period=0
[2020-07-28 14:05:03.579300] [FIDSImpl_null_IF2007] [detail] 2020-Jul-02 13:10:07.219282 Buy Open @ price=4274.6, qty=1, OrdId=2, price_level=OppsiteSide
[2020-07-28 14:05:03.579355] [FIDSImpl_null_IF2007] [detail] 2020-Jul-02 13:10:08 Event: OrdId=2, side=Buy, price=4274.6, qty=1, ex_qty=1, last_ex_price=4274.6, status=Filled, create=13:10:07.219282
[2020-07-28 14:05:03.579404] [FIDSImpl_null_IF2007] [detail] 2020-Jul-02 13:10:08 Posi: tbuy=2, tsell=0, obuy=0, osell=0, buyable=47, sellable=50, bvwap=4274.9, svwap=0
[2020-07-28 14:05:03.579436] [FIDSImpl_null_IF2007] [detail] 2020-Jul-02 13:10:08 Statistics: total_placed_num=2, total_filled_num=2, total_canceled_num=0, total_rejected_num=0
[2020-07-28 14:05:03.579481] [FIDSImpl_null_IF2007] [detail] 2020-Jul-02 13:10:08.223377 Mkt: RecvTime=2020-Jul-02 13:10:08.223377, Time=2020-Jul-02 13:10:07.400000 Ask1=4274.8, Bid1=4274.2, Last=4274.2
[2020-07-28 14:05:03.579537] [FIDSImpl_null_IF2007] [detail] 2020-Jul-02 13:10:08.223377 Info: tbuy=2, tsell=0, obuy=0, osell=0, buyable=48, sellable=50, bvwap=4274.9, svwap=0, sig=0.00266326, sig_adj=0.00266326, sig_Last=4274.2, sig_period=0
[2020-07-28 14:05:03.579571] [FIDSImpl_null_IF2007] [detail] 2020-Jul-02 13:10:08.223377 Buy Open @ price=4274.8, qty=1, OrdId=3, price_level=OppsiteSide
[2020-07-28 14:05:03.579618] [FIDSImpl_null_IF2007] [detail] 2020-Jul-02 13:10:09.217307 Event: OrdId=3, side=Buy, price=4274.8, qty=1, ex_qty=1, last_ex_price=4274.8, status=Filled, create=13:10:08.223377
[2020-07-28 14:05:03.579679] [FIDSImpl_null_IF2007] [detail] 2020-Jul-02 13:10:09.217307 Posi: tbuy=3, tsell=0, obuy=0, osell=0, buyable=46, sellable=50, bvwap=4274.87, svwap=0
[2020-07-28 14:05:03.579706] [FIDSImpl_null_IF2007] [detail] 2020-Jul-02 13:10:09.217307 Statistics: total_placed_num=3, total_filled_num=3, total_canceled_num=0, total_rejected_num=0
[2020-07-28 14:05:03.579815] [FIDSImpl_null_IF2007] [detail] 2020-Jul-02 13:10:13.217892 Mkt: RecvTime=2020-Jul-02 13:10:13.217892, Time=2020-Jul-02 13:10:12.400000 Ask1=4275.6, Bid1=4274.4, Last=4275.4
[2020-07-28 14:05:03.579866] [FIDSImpl_null_IF2007] [detail] 2020-Jul-02 13:10:13.217892 Info: tbuy=3, tsell=0, obuy=0, osell=0, buyable=47, sellable=50, bvwap=4274.87, svwap=0, sig=0.00253476, sig_adj=0.00253476, sig_Last=4275.2, sig_period=0
[2020-07-28 14:05:03.579945] [FIDSImpl_null_IF2007] [detail] 2020-Jul-02 13:10:13.217892 Buy Open @ price=4274.6, qty=1, OrdId=4, price_level=SameSidePlus1
[2020-07-28 14:05:03.579993] [FIDSImpl_null_IF2007] [detail] 2020-Jul-02 13:10:14.116583 Event: OrdId=4, side=Buy, price=4274.6, qty=1, ex_qty=1, last_ex_price=4274.6, status=Filled, create=13:10:13.217892
[2020-07-28 14:05:03.580050] [FIDSImpl_null_IF2007] [detail] 2020-Jul-02 13:10:14.116583 Posi: tbuy=4, tsell=0, obuy=0, osell=0, buyable=45, sellable=50, bvwap=4274.8, svwap=0
[2020-07-28 14:05:03.580078] [FIDSImpl_null_IF2007] [detail] 2020-Jul-02 13:10:14.116583 Statistics: total_placed_num=4, total_filled_num=4, total_canceled_num=0, total_rejected_num=0
[2020-07-28 14:05:03.580118] [FIDSImpl_null_IF2007] [detail] 2020-Jul-02 13:10:14.116583 Mkt: RecvTime=2020-Jul-02 13:10:14.116583, Time=2020-Jul-02 13:10:13.400000 Ask1=4275.4, Bid1=4274.6, Last=4274.6
[2020-07-28 14:05:03.580180] [FIDSImpl_null_IF2007] [detail] 2020-Jul-02 13:10:14.116583 Info: tbuy=4, tsell=0, obuy=0, osell=0, buyable=45, sellable=50, bvwap=4274.8, svwap=0, sig=0.00251049, sig_adj=0.00251049, sig_Last=4275.4, sig_period=0
[2020-07-28 14:05:03.580217] [FIDSImpl_null_IF2007] [detail] 2020-Jul-02 13:10:14.116583 Buy Open @ price=4275.4, qty=1, OrdId=5, price_level=OppsiteSide
[2020-07-28 14:05:03.580273] [FIDSImpl_null_IF2007] [detail] 2020-Jul-02 13:10:15 Event: OrdId=5, side=Buy, price=4275.4, qty=1, ex_qty=1, last_ex_price=4275.4, status=Filled, create=13:10:14.116583
[2020-07-28 14:05:03.580332] [FIDSImpl_null_IF2007] [detail] 2020-Jul-02 13:10:15 Posi: tbuy=5, tsell=0, obuy=0, osell=0, buyable=44, sellable=50, bvwap=4274.92, svwap=0
[2020-07-28 14:05:03.580369] [FIDSImpl_null_IF2007] [detail] 2020-Jul-02 13:10:15 Statistics: total_placed_num=5, total_filled_num=5, total_canceled_num=0, total_rejected_num=0
[2020-07-28 14:05:03.582200] [FIDSImpl_null_IF2007] [detail] 2020-Jul-02 13:14:25.126346 Mkt: RecvTime=2020-Jul-02 13:14:25.126346, Time=2020-Jul-02 13:14:24.400000 Ask1=4275.8, Bid1=4275.2, Last=4275.4
[2020-07-28 14:05:03.582292] [FIDSImpl_null_IF2007] [detail] 2020-Jul-02 13:14:25.126346 Info: tbuy=5, tsell=0, obuy=0, osell=0, buyable=45, sellable=50, bvwap=4274.92, svwap=0, sig=0.000886067, sig_adj=-0.000111655, sig_Last=4275.8, sig_period=0
[2020-07-28 14:05:03.582378] [FIDSImpl_null_IF2007] [detail] 2020-Jul-02 13:14:25.126346 Sell Close @ price=4275.6, qty=1, OrdId=6, price_level=SameSideMinus1
[2020-07-28 14:05:03.582455] [FIDSImpl_null_IF2007] [detail] 2020-Jul-02 13:14:27 Event: OrdId=6, side=Sell, price=4275.6, qty=1, ex_qty=1, last_ex_price=4275.6, status=Filled, create=13:14:25.126346
[2020-07-28 14:05:03.582520] [FIDSImpl_null_IF2007] [detail] 2020-Jul-02 13:14:27 Posi: tbuy=5, tsell=1, obuy=0, osell=0, buyable=45, sellable=48, bvwap=4274.92, svwap=4275.6
[2020-07-28 14:05:03.582547] [FIDSImpl_null_IF2007] [detail] 2020-Jul-02 13:14:27 Statistics: total_placed_num=6, total_filled_num=6, total_canceled_num=0, total_rejected_num=0
[2020-07-28 14:05:03.582909] [FIDSImpl_null_IF2007] [detail] 2020-Jul-02 13:15:13.154487 Mkt: RecvTime=2020-Jul-02 13:15:13.154487, Time=2020-Jul-02 13:15:12.400000 Ask1=4277, Bid1=4276.8, Last=4277
[2020-07-28 14:05:03.582961] [FIDSImpl_null_IF2007] [detail] 2020-Jul-02 13:15:13.154487 Info: tbuy=5, tsell=1, obuy=0, osell=0, buyable=45, sellable=49, bvwap=4274.92, svwap=4275.6, sig=-8.63005e-05, sig_adj=-8.63005e-05, sig_Last=4277, sig_period=0
[2020-07-28 14:05:03.583014] [FIDSImpl_null_IF2007] [detail] 2020-Jul-02 13:15:13.154487 Sell Close @ price=4276.8, qty=1, OrdId=7, price_level=OppsiteSide
[2020-07-28 14:05:03.583065] [FIDSImpl_null_IF2007] [detail] 2020-Jul-02 13:15:14 Event: OrdId=7, side=Sell, price=4276.8, qty=1, ex_qty=1, last_ex_price=4276.8, status=Filled, create=13:15:13.154487
[2020-07-28 14:05:03.583227] [FIDSImpl_null_IF2007] [detail] 2020-Jul-02 13:15:14 Posi: tbuy=5, tsell=2, obuy=0, osell=0, buyable=45, sellable=47, bvwap=4274.92, svwap=4276.2
[2020-07-28 14:05:03.583291] [FIDSImpl_null_IF2007] [detail] 2020-Jul-02 13:15:14 Statistics: total_placed_num=7, total_filled_num=7, total_canceled_num=0, total_rejected_num=0
[2020-07-28 14:05:03.583379] [FIDSImpl_null_IF2007] [detail] 2020-Jul-02 13:15:14.160853 Mkt: RecvTime=2020-Jul-02 13:15:14.160853, Time=2020-Jul-02 13:15:13.400000 Ask1=4277.6, Bid1=4277, Last=4277.4
[2020-07-28 14:05:03.583432] [FIDSImpl_null_IF2007] [detail] 2020-Jul-02 13:15:14.160853 Info: tbuy=5, tsell=2, obuy=0, osell=0, buyable=45, sellable=48, bvwap=4274.92, svwap=4276.2, sig=-5.46425e-05, sig_adj=-5.46425e-05, sig_Last=4277.4, sig_period=0
[2020-07-28 14:05:03.583481] [FIDSImpl_null_IF2007] [detail] 2020-Jul-02 13:15:14.160853 Sell Close @ price=4277.4, qty=1, OrdId=8, price_level=SameSideMinus1
[2020-07-28 14:05:03.583541] [FIDSImpl_null_IF2007] [detail] 2020-Jul-02 13:15:15.153364 Mkt: RecvTime=2020-Jul-02 13:15:15.153364, Time=2020-Jul-02 13:15:14.400000 Ask1=4277.6, Bid1=4277, Last=4277
[2020-07-28 14:05:03.583594] [FIDSImpl_null_IF2007] [detail] 2020-Jul-02 13:15:15.153364 Info: tbuy=5, tsell=2, obuy=0, osell=1, buyable=45, sellable=47, bvwap=4274.92, svwap=4276.2, sig=-9.79232e-05, sig_adj=-9.79232e-05, sig_Last=4277.6, sig_period=0
[2020-07-28 14:05:03.583666] [FIDSImpl_null_IF2007] [detail] 2020-Jul-02 13:15:15.153364 Sell Close @ price=4277.4, qty=1, OrdId=9, price_level=SameSideMinus1
[2020-07-28 14:05:03.583785] [FIDSImpl_null_IF2007] [detail] 2020-Jul-02 13:15:16 Event: OrdId=8, side=Sell, price=4277.4, qty=1, ex_qty=1, last_ex_price=4277.4, status=Filled, create=13:15:14.160853
[2020-07-28 14:05:03.583834] [FIDSImpl_null_IF2007] [detail] 2020-Jul-02 13:15:16 Posi: tbuy=5, tsell=3, obuy=0, osell=1, buyable=45, sellable=45, bvwap=4274.92, svwap=4276.6
[2020-07-28 14:05:03.583870] [FIDSImpl_null_IF2007] [detail] 2020-Jul-02 13:15:16 Statistics: total_placed_num=9, total_filled_num=8, total_canceled_num=0, total_rejected_num=0
[2020-07-28 14:05:03.583911] [FIDSImpl_null_IF2007] [detail] 2020-Jul-02 13:15:16.158705 Event: OrdId=9, side=Sell, price=4277.4, qty=1, ex_qty=1, last_ex_price=4277.4, status=Filled, create=13:15:15.153364
[2020-07-28 14:05:03.583967] [FIDSImpl_null_IF2007] [detail] 2020-Jul-02 13:15:16.158705 Posi: tbuy=5, tsell=4, obuy=0, osell=0, buyable=45, sellable=45, bvwap=4274.92, svwap=4276.8
[2020-07-28 14:05:03.584018] [FIDSImpl_null_IF2007] [detail] 2020-Jul-02 13:15:16.158705 Statistics: total_placed_num=9, total_filled_num=9, total_canceled_num=0, total_rejected_num=0
[2020-07-28 14:05:03.584089] [FIDSImpl_null_IF2007] [detail] 2020-Jul-02 13:15:16.158705 Mkt: RecvTime=2020-Jul-02 13:15:16.158705, Time=2020-Jul-02 13:15:15.400000 Ask1=4278, Bid1=4277.4, Last=4278
[2020-07-28 14:05:03.584131] [FIDSImpl_null_IF2007] [detail] 2020-Jul-02 13:15:16.158705 Info: tbuy=5, tsell=4, obuy=0, osell=0, buyable=45, sellable=45, bvwap=4274.92, svwap=4276.8, sig=-0.000121916, sig_adj=-0.000121916, sig_Last=4277.8, sig_period=0
[2020-07-28 14:05:03.584178] [FIDSImpl_null_IF2007] [detail] 2020-Jul-02 13:15:16.158705 Sell Close @ price=4277.4, qty=1, OrdId=10, price_level=OppsiteSide
[2020-07-28 14:05:03.584272] [FIDSImpl_null_IF2007] [detail] 2020-Jul-02 13:15:17.157776 Event: OrdId=10, side=Sell, price=4277.4, qty=1, ex_qty=1, last_ex_price=4277.4, status=Filled, create=13:15:16.158705
[2020-07-28 14:05:03.584347] [FIDSImpl_null_IF2007] [detail] 2020-Jul-02 13:15:17.157776 Posi: tbuy=5, tsell=5, obuy=0, osell=0, buyable=45, sellable=44, bvwap=4274.92, svwap=4276.92
[2020-07-28 14:05:03.584435] [FIDSImpl_null_IF2007] [detail] 2020-Jul-02 13:15:17.157776 Statistics: total_placed_num=10, total_filled_num=10, total_canceled_num=0, total_rejected_num=0
[2020-07-28 14:05:03.592601] [FIDSImpl_null_IF2007] [detail] 2020-Jul-02 13:34:31.221882 Mkt: RecvTime=2020-Jul-02 13:34:31.221882, Time=2020-Jul-02 13:34:30.400000 Ask1=4279.6, Bid1=4279.4, Last=4279.4
[2020-07-28 14:05:03.592989] [FIDSImpl_null_IF2007] [detail] 2020-Jul-02 13:34:31.221882 Info: tbuy=5, tsell=5, obuy=0, osell=0, buyable=45, sellable=45, bvwap=4274.92, svwap=4276.92, sig=0.00263333, sig_adj=0.00263333, sig_Last=4279, sig_period=0
[2020-07-28 14:05:03.593033] [FIDSImpl_null_IF2007] [warning] 2020-Jul-02 13:34:31.221882 BuyPrice: ref_price=4279.57, Ask1=4279.6, Bid1=4279.4
[2020-07-28 14:05:03.623937] [FutIntraDayStrategy] [warning] OnTimer: name = StratClean,time_now = 2020-Jul-02 14:52:28
[2020-07-28 14:05:03.624238] [FIDSImpl_null_IF2007] [detail] OnClean
[2020-07-28 14:05:03.624933] [FutIntraDayStrategy] [warning] OnTimer: name = StratStop,time = 2020-Jul-02 14:57:00
[2020-07-28 14:05:03.625004] [FIDSImpl_null_IF2007] [detail] OnStratStop
[2020-07-28 14:05:03.625019] [FIDSImpl_null_IF2007] [detail] Disabled
[2020-07-28 14:05:03.625419] [trivial] [trace] All is end
[2020-07-28 14:05:03.625684] [TestFramework] [normal] data end
[2020-07-28 14:05:03.627290] [TestFramework] [normal] run test FutIntraDay [Account]1.000000;[IF2007_coefficient]0.0005;[IF2007_initial_shares]50;[IF2007_max_net_position]5;[IF2007_max_quota]50;[IF2007_param_set]1;[IF2007_qty_per_trade]1;[IF2007_threshold_long_close]0;[IF2007_threshold_short_close]0
[2020-07-28 14:05:03.633742] [TestFramework] [normal] finish back test task BackTest --CrossMode=3 --StratsName=FutIntraDay --WatchList=IF2007 --Parameter=[Account]1:0:0;[IF2007_param_set]1;[IF2007_initial_shares]50;[IF2007_coefficient]0.0005;[IF2007_max_quota]50;[IF2007_max_net_position]5;[IF2007_threshold_long_close]0;[IF2007_threshold_short_close]0;[IF2007_qty_per_trade]1 --StartTime=09:30:00 --EndTime=15:00:00 --StartDate=2020-07-02 --EndDate=2020-07-02 --Commission=2.3e-05 --AssemblyName=libfut_intra_day_strategy
